// Jest Snapshot v1, https://goo.gl/fbAQLP

exports[`Blog List Data Component Unit Test Snap Shot Testing 1`] = `
<DocumentFragment>
  <div
    class="wrapper"
  >
    <h2
      class="title-heading"
    >
      Snap Shot Unit Test
    </h2>
    <p
      class="date"
    >
      2021/01/01
    </p>
  </div>
</DocumentFragment>
`;
