// Jest Snapshot v1, https://goo.gl/fbAQLP

exports[`Image Component Unit Test Snap Shot Testing 1`] = `
<DocumentFragment>
  <img
    alt="Unit Test Image"
    class="image"
    loading="lazy"
    src="/webps/logo_cream.webp"
    style="display: block; width: 100%; min-width: none; max-width: none; height: auto; min-height: none; max-height: none; margin: 0px auto;"
  />
</DocumentFragment>
`;
