// Jest Snapshot v1, https://goo.gl/fbAQLP

exports[`Blog Post Pager Component Unit Test Snap Shot Testing 1`] = `
<DocumentFragment>
  <ul
    class="wrapper"
  >
    <li
      class="prev"
    >
      <a
        class="prev-link"
        href="/blog-post/2"
        rel="prev"
      >
        New Post.
      </a>
    </li>
    <li
      class="next"
    >
      <a
        class="next-link"
        href="/blog-post/3"
        rel="prev"
      >
        Old Post.
      </a>
    </li>
  </ul>
</DocumentFragment>
`;
